src/App.tsx(1,1): error TS6133: 'React' is declared but its value is never read.
src/core/hooks/useWebRTC.ts(4,50): error TS6133: 'roomId' is declared but its value is never read.
src/games/Memory/MemoryGameBoard.tsx(1,17): error TS6133: 'useState' is declared but its value is never read.
src/games/Memory/MemoryGameBoard.tsx(1,27): error TS6133: 'useEffect' is declared but its value is never read.
src/games/Memory/MemoryGameBoard.tsx(19,3): error TS6133: 'images' is declared but its value is never read.
src/main.tsx(1,1): error TS6133: 'StrictMode' is declared but its value is never read.
src/pages/ActiveGameRoom.tsx(20,19): error TS6133: 'isConnected' is declared but its value is never read.
